------------------------------------------------------------
TimeQuest Timing Analyzer Summary
------------------------------------------------------------

Type  : Setup 'FrameTiming:Frame|col_counter_vhdl:pixelCols|ext_counter_vhdl:col_counter|lpm_counter:counter_rtl_0|dffs[3]'
Slack : -21.300
TNS   : -222.400

Type  : Setup 'FrameTiming:Frame|col_counter_vhdl:pixelCols|ext_counter_vhdl:col_counter|lpm_counter:counter_rtl_0|dffs[0]'
Slack : -21.300
TNS   : -166.200

Type  : Setup 'FrameTiming:Frame|col_counter_vhdl:pixelCols|ext_counter_vhdl:col_counter|lpm_counter:counter_rtl_0|dffs[1]'
Slack : -21.300
TNS   : -166.200

Type  : Setup 'FrameTiming:Frame|col_counter_vhdl:pixelCols|ext_counter_vhdl:col_counter|lpm_counter:counter_rtl_0|dffs[2]'
Slack : -21.300
TNS   : -166.200

Type  : Setup 'FrameTiming:Frame|col_counter_vhdl:pixelCols|ext_counter_vhdl:col_counter|lpm_counter:counter_rtl_0|dffs[4]'
Slack : -21.300
TNS   : -166.200

Type  : Setup 'FrameTiming:Frame|col_counter_vhdl:pixelCols|ext_counter_vhdl:col_counter|lpm_counter:counter_rtl_0|dffs[5]'
Slack : -21.300
TNS   : -166.200

Type  : Setup 'FrameTiming:Frame|col_counter_vhdl:pixelCols|ext_counter_vhdl:col_counter|lpm_counter:counter_rtl_0|dffs[6]'
Slack : -21.300
TNS   : -166.200

Type  : Setup 'FrameTiming:Frame|col_counter_vhdl:pixelCols|ext_counter_vhdl:col_counter|lpm_counter:counter_rtl_0|dffs[7]'
Slack : -21.300
TNS   : -166.200

Type  : Setup 'NTSCClk'
Slack : -20.300
TNS   : -89.200

Type  : Setup 'FrameTiming:Frame|counter:dataCounter|lpm_counter:count_rtl_0|dffs[0]'
Slack : -17.000
TNS   : -128.200

Type  : Hold 'FrameTiming:Frame|counter:dataCounter|lpm_counter:count_rtl_0|dffs[0]'
Slack : -11.000
TNS   : -51.200

Type  : Hold 'NTSCClk'
Slack : -3.500
TNS   : -30.000

Type  : Hold 'FrameTiming:Frame|col_counter_vhdl:pixelCols|ext_counter_vhdl:col_counter|lpm_counter:counter_rtl_0|dffs[3]'
Slack : -3.000
TNS   : -33.000

Type  : Hold 'FrameTiming:Frame|col_counter_vhdl:pixelCols|ext_counter_vhdl:col_counter|lpm_counter:counter_rtl_0|dffs[0]'
Slack : -3.000
TNS   : -21.000

Type  : Hold 'FrameTiming:Frame|col_counter_vhdl:pixelCols|ext_counter_vhdl:col_counter|lpm_counter:counter_rtl_0|dffs[1]'
Slack : -3.000
TNS   : -21.000

Type  : Hold 'FrameTiming:Frame|col_counter_vhdl:pixelCols|ext_counter_vhdl:col_counter|lpm_counter:counter_rtl_0|dffs[2]'
Slack : -3.000
TNS   : -21.000

Type  : Hold 'FrameTiming:Frame|col_counter_vhdl:pixelCols|ext_counter_vhdl:col_counter|lpm_counter:counter_rtl_0|dffs[4]'
Slack : -3.000
TNS   : -21.000

Type  : Hold 'FrameTiming:Frame|col_counter_vhdl:pixelCols|ext_counter_vhdl:col_counter|lpm_counter:counter_rtl_0|dffs[5]'
Slack : -3.000
TNS   : -21.000

Type  : Hold 'FrameTiming:Frame|col_counter_vhdl:pixelCols|ext_counter_vhdl:col_counter|lpm_counter:counter_rtl_0|dffs[6]'
Slack : -3.000
TNS   : -21.000

Type  : Hold 'FrameTiming:Frame|col_counter_vhdl:pixelCols|ext_counter_vhdl:col_counter|lpm_counter:counter_rtl_0|dffs[7]'
Slack : -3.000
TNS   : -21.000

Type  : Recovery 'FrameTiming:Frame|col_counter_vhdl:pixelCols|ext_counter_vhdl:col_counter|lpm_counter:counter_rtl_0|dffs[0]'
Slack : -28.000
TNS   : -252.000

Type  : Recovery 'FrameTiming:Frame|col_counter_vhdl:pixelCols|ext_counter_vhdl:col_counter|lpm_counter:counter_rtl_0|dffs[1]'
Slack : -28.000
TNS   : -252.000

Type  : Recovery 'FrameTiming:Frame|col_counter_vhdl:pixelCols|ext_counter_vhdl:col_counter|lpm_counter:counter_rtl_0|dffs[2]'
Slack : -28.000
TNS   : -252.000

Type  : Recovery 'FrameTiming:Frame|col_counter_vhdl:pixelCols|ext_counter_vhdl:col_counter|lpm_counter:counter_rtl_0|dffs[3]'
Slack : -28.000
TNS   : -252.000

Type  : Recovery 'FrameTiming:Frame|col_counter_vhdl:pixelCols|ext_counter_vhdl:col_counter|lpm_counter:counter_rtl_0|dffs[4]'
Slack : -28.000
TNS   : -252.000

Type  : Recovery 'FrameTiming:Frame|col_counter_vhdl:pixelCols|ext_counter_vhdl:col_counter|lpm_counter:counter_rtl_0|dffs[5]'
Slack : -28.000
TNS   : -252.000

Type  : Recovery 'FrameTiming:Frame|col_counter_vhdl:pixelCols|ext_counter_vhdl:col_counter|lpm_counter:counter_rtl_0|dffs[6]'
Slack : -28.000
TNS   : -252.000

Type  : Recovery 'FrameTiming:Frame|col_counter_vhdl:pixelCols|ext_counter_vhdl:col_counter|lpm_counter:counter_rtl_0|dffs[7]'
Slack : -28.000
TNS   : -252.000

Type  : Recovery 'FrameTiming:Frame|counter:dataCounter|lpm_counter:count_rtl_0|dffs[0]'
Slack : -27.400
TNS   : -165.800

Type  : Recovery 'NTSCClk'
Slack : -4.000
TNS   : -32.000

Type  : Removal 'FrameTiming:Frame|counter:dataCounter|lpm_counter:count_rtl_0|dffs[0]'
Slack : -8.000
TNS   : -64.000

Type  : Removal 'NTSCClk'
Slack : -0.500
TNS   : -4.000

Type  : Removal 'FrameTiming:Frame|col_counter_vhdl:pixelCols|ext_counter_vhdl:col_counter|lpm_counter:counter_rtl_0|dffs[0]'
Slack : 8.000
TNS   : 0.000

Type  : Removal 'FrameTiming:Frame|col_counter_vhdl:pixelCols|ext_counter_vhdl:col_counter|lpm_counter:counter_rtl_0|dffs[1]'
Slack : 8.000
TNS   : 0.000

Type  : Removal 'FrameTiming:Frame|col_counter_vhdl:pixelCols|ext_counter_vhdl:col_counter|lpm_counter:counter_rtl_0|dffs[2]'
Slack : 8.000
TNS   : 0.000

Type  : Removal 'FrameTiming:Frame|col_counter_vhdl:pixelCols|ext_counter_vhdl:col_counter|lpm_counter:counter_rtl_0|dffs[3]'
Slack : 8.000
TNS   : 0.000

Type  : Removal 'FrameTiming:Frame|col_counter_vhdl:pixelCols|ext_counter_vhdl:col_counter|lpm_counter:counter_rtl_0|dffs[4]'
Slack : 8.000
TNS   : 0.000

Type  : Removal 'FrameTiming:Frame|col_counter_vhdl:pixelCols|ext_counter_vhdl:col_counter|lpm_counter:counter_rtl_0|dffs[5]'
Slack : 8.000
TNS   : 0.000

Type  : Removal 'FrameTiming:Frame|col_counter_vhdl:pixelCols|ext_counter_vhdl:col_counter|lpm_counter:counter_rtl_0|dffs[6]'
Slack : 8.000
TNS   : 0.000

Type  : Removal 'FrameTiming:Frame|col_counter_vhdl:pixelCols|ext_counter_vhdl:col_counter|lpm_counter:counter_rtl_0|dffs[7]'
Slack : 8.000
TNS   : 0.000

Type  : Minimum Pulse Width 'FrameTiming:Frame|col_counter_vhdl:pixelCols|ext_counter_vhdl:col_counter|lpm_counter:counter_rtl_0|dffs[3]'
Slack : -3.500
TNS   : -154.000

Type  : Minimum Pulse Width 'FrameTiming:Frame|col_counter_vhdl:pixelCols|ext_counter_vhdl:col_counter|lpm_counter:counter_rtl_0|dffs[0]'
Slack : -3.500
TNS   : -119.000

Type  : Minimum Pulse Width 'FrameTiming:Frame|col_counter_vhdl:pixelCols|ext_counter_vhdl:col_counter|lpm_counter:counter_rtl_0|dffs[1]'
Slack : -3.500
TNS   : -119.000

Type  : Minimum Pulse Width 'FrameTiming:Frame|col_counter_vhdl:pixelCols|ext_counter_vhdl:col_counter|lpm_counter:counter_rtl_0|dffs[2]'
Slack : -3.500
TNS   : -119.000

Type  : Minimum Pulse Width 'FrameTiming:Frame|col_counter_vhdl:pixelCols|ext_counter_vhdl:col_counter|lpm_counter:counter_rtl_0|dffs[4]'
Slack : -3.500
TNS   : -119.000

Type  : Minimum Pulse Width 'FrameTiming:Frame|col_counter_vhdl:pixelCols|ext_counter_vhdl:col_counter|lpm_counter:counter_rtl_0|dffs[5]'
Slack : -3.500
TNS   : -91.000

Type  : Minimum Pulse Width 'FrameTiming:Frame|col_counter_vhdl:pixelCols|ext_counter_vhdl:col_counter|lpm_counter:counter_rtl_0|dffs[6]'
Slack : -3.500
TNS   : -91.000

Type  : Minimum Pulse Width 'FrameTiming:Frame|col_counter_vhdl:pixelCols|ext_counter_vhdl:col_counter|lpm_counter:counter_rtl_0|dffs[7]'
Slack : -3.500
TNS   : -91.000

Type  : Minimum Pulse Width 'FrameTiming:Frame|counter:dataCounter|lpm_counter:count_rtl_0|dffs[0]'
Slack : -3.500
TNS   : -91.000

Type  : Minimum Pulse Width 'NTSCClk'
Slack : -3.500
TNS   : -84.000

Type  : Minimum Pulse Width 'FrameTiming:Frame|row_counter_vhdl:pixelRows|reg_counter_vhdl:row_counter|lpm_counter:counter_rtl_0|dffs[2]'
Slack : -3.500
TNS   : -7.000

------------------------------------------------------------
